MOV error: 0
Compile error at byte -3: instruction has a invalid argument
